---------------------------------------
Begin Slurm Prolog: Sep-27-2026 21:05:30
Job ID:    5963852
User ID:   ynieh3
Account:   ece
Job name:  a1a-bilstm
Partition: coe-gpu
QOS:       coe-ice
---------------------------------------
Epoch 1, Dev F1: 0.2409
Epoch 2, Dev F1: 0.4856
Epoch 3, Dev F1: 0.6334
Epoch 4, Dev F1: 0.7289
Epoch 5, Dev F1: 0.7900
Epoch 6, Dev F1: 0.8069
Epoch 7, Dev F1: 0.8358
Epoch 8, Dev F1: 0.8460
Epoch 9, Dev F1: 0.8654
Epoch 10, Dev F1: 0.8739
Training complete.
  Model:          bilstm
  Train fraction: 0.25
  Checkpoint dir: checkpoints/bilstm_0.25
  Final dev F1:   0.8739
---------------------------------------
Begin Slurm Epilog: Sep-27-2026 21:23:01
Job ID:        5963852
User ID:       ynieh3
Account:       ece
Job name:      a1a-bilstm
Resources:     cpu=8,gres/gpu:h100=1,mem=32G,node=1
Rsrc Used:     cput=02:20:08,vmem=0,walltime=00:17:31,mem=588764K,energy_used=0
Partition:     coe-gpu
QOS:           coe-ice
Nodes:         atl1-1-03-010-25-0
---------------------------------------
