---------------------------------------
Begin Slurm Prolog: Sep-27-2026 20:39:46
Job ID:    5963720
User ID:   ynieh3
Account:   ece
Job name:  a1a-bilstm
Partition: coe-gpu
QOS:       coe-ice
---------------------------------------
---------------------------------------
Begin Slurm Epilog: Sep-27-2026 20:49:41
Job ID:        5963720
User ID:       ynieh3
Account:       ece
Job name:      a1a-bilstm
Resources:     cpu=8,gres/gpu:h100=1,mem=32G,node=1
Rsrc Used:     cput=01:18:56,vmem=0,walltime=00:09:52,mem=635152K,energy_used=0
Partition:     coe-gpu
QOS:           coe-ice
Nodes:         atl1-1-03-011-3-0
---------------------------------------
