---------------------------------------
Begin Slurm Prolog: Sep-27-2026 20:39:41
Job ID:    5963719
User ID:   ynieh3
Account:   ece
Job name:  a1a-bilstm
Partition: coe-gpu
QOS:       coe-ice
---------------------------------------
---------------------------------------
Begin Slurm Epilog: Sep-27-2026 20:49:37
Job ID:        5963719
User ID:       ynieh3
Account:       ece
Job name:      a1a-bilstm
Resources:     cpu=8,gres/gpu:h100=1,mem=32G,node=1
Rsrc Used:     cput=01:19:04,vmem=0,walltime=00:09:53,mem=381200K,energy_used=0
Partition:     coe-gpu
QOS:           coe-ice
Nodes:         atl1-1-03-010-30-0
---------------------------------------
