---------------------------------------
Begin Slurm Prolog: Sep-27-2026 21:05:35
Job ID:    5963853
User ID:   ynieh3
Account:   ece
Job name:  a1a-bilstm
Partition: coe-gpu
QOS:       coe-ice
---------------------------------------
Epoch 1, Dev F1: 0.7285
Epoch 2, Dev F1: 0.8493
Epoch 3, Dev F1: 0.8935
Epoch 4, Dev F1: 0.9261
Epoch 5, Dev F1: 0.9408
Epoch 6, Dev F1: 0.9547
Epoch 7, Dev F1: 0.9579
Epoch 8, Dev F1: 0.9599
Epoch 9, Dev F1: 0.9634
Epoch 10, Dev F1: 0.9649
Training complete.
  Model:          bilstm
  Train fraction: 1.0
  Checkpoint dir: checkpoints/bilstm_1.00
  Final dev F1:   0.9649
---------------------------------------
Begin Slurm Epilog: Sep-27-2026 22:14:08
Job ID:        5963853
User ID:       ynieh3
Account:       ece
Job name:      a1a-bilstm
Resources:     cpu=8,gres/gpu:h100=1,mem=32G,node=1
Rsrc Used:     cput=09:08:24,vmem=0,walltime=01:08:33,mem=445560K,energy_used=0
Partition:     coe-gpu
QOS:           coe-ice
Nodes:         atl1-1-03-010-25-0
---------------------------------------
